<html>
<body>
<pre>
<h1>µVision Build Log</h1>
<h2>Project:</h2>
C:\Users\Bartek\OneDrive\Pulpit\Serwo\Serwo 5 (Offset)\gpio.uvproj
Project File Date:  06/15/2022

<h2>Output:</h2>
Rebuild target 'Target 1'
assembling Startup.s...
compiling main.c...
compiling led.c...
compiling keyboard.c...
compiling timer.c...
compiling timer_interrupts.c...
compiling servo.c...
linking...
Program Size: Code=2500 RO-data=32 RW-data=12 ZI-data=1268  
FromELF: creating hex file...
".\gpio.axf" - 0 Errors, 0 Warning(s).
Rebuild target 'Target 1'
assembling Startup.s...
compiling main.c...
compiling led.c...
compiling keyboard.c...
compiling timer.c...
compiling timer_interrupts.c...
compiling servo.c...
linking...
Program Size: Code=2500 RO-data=32 RW-data=12 ZI-data=1268  
FromELF: creating hex file...
".\gpio.axf" - 0 Errors, 0 Warning(s).
