<html>
<body>
<pre>
<h1>µVision Build Log</h1>
<h2>Project:</h2>
D:\smieci_z_pulpitu\smieci\ppswww\UART_CHAINS\UART_CHAINS_1_b\gpio.uvproj
Project File Date:  03/01/2024

<h2>Output:</h2>
Rebuild target 'Target 1'
assembling Startup.s...
compiling main.c...
compiling led.c...
compiling keyboard.c...
compiling timer.c...
compiling timer_interrupts.c...
compiling servo.c...
compiling uart.c...
compiling string.c...
linking...
Program Size: Code=2644 RO-data=32 RW-data=16 ZI-data=1272  
FromELF: creating hex file...
".\gpio.axf" - 0 Errors, 0 Warning(s).
Build target 'Target 1'
linking...
Program Size: Code=2644 RO-data=32 RW-data=16 ZI-data=1272  
FromELF: creating hex file...
".\gpio.axf" - 0 Errors, 0 Warning(s).
Rebuild target 'Target 1'
assembling Startup.s...
compiling main.c...
compiling led.c...
compiling keyboard.c...
compiling timer.c...
compiling timer_interrupts.c...
compiling servo.c...
compiling uart.c...
compiling string.c...
linking...
Program Size: Code=2644 RO-data=32 RW-data=16 ZI-data=1272  
FromELF: creating hex file...
".\gpio.axf" - 0 Errors, 0 Warning(s).
Rebuild target 'Target 1'
assembling Startup.s...
compiling main.c...
compiling led.c...
compiling keyboard.c...
compiling timer.c...
compiling timer_interrupts.c...
compiling servo.c...
compiling uart.c...
compiling string.c...
linking...
Program Size: Code=2644 RO-data=32 RW-data=16 ZI-data=1272  
FromELF: creating hex file...
".\gpio.axf" - 0 Errors, 0 Warning(s).
Rebuild target 'Target 1'
assembling Startup.s...
compiling main.c...
compiling led.c...
compiling keyboard.c...
compiling timer.c...
compiling timer_interrupts.c...
compiling servo.c...
compiling uart.c...
compiling string.c...
linking...
Program Size: Code=2652 RO-data=32 RW-data=16 ZI-data=1272  
FromELF: creating hex file...
".\gpio.axf" - 0 Errors, 0 Warning(s).
Rebuild target 'Target 1'
assembling Startup.s...
compiling main.c...
compiling led.c...
compiling keyboard.c...
compiling timer.c...
compiling timer_interrupts.c...
compiling servo.c...
compiling uart.c...
compiling string.c...
linking...
Program Size: Code=2652 RO-data=32 RW-data=16 ZI-data=1272  
FromELF: creating hex file...
".\gpio.axf" - 0 Errors, 0 Warning(s).
Rebuild target 'Target 1'
assembling Startup.s...
compiling main.c...
compiling led.c...
compiling keyboard.c...
compiling timer.c...
compiling timer_interrupts.c...
compiling servo.c...
compiling uart.c...
compiling string.c...
linking...
Program Size: Code=2652 RO-data=32 RW-data=16 ZI-data=1272  
FromELF: creating hex file...
".\gpio.axf" - 0 Errors, 0 Warning(s).
Rebuild target 'Target 1'
assembling Startup.s...
compiling main.c...
compiling led.c...
compiling keyboard.c...
compiling timer.c...
compiling timer_interrupts.c...
compiling servo.c...
compiling uart.c...
compiling string.c...
linking...
Program Size: Code=2644 RO-data=32 RW-data=16 ZI-data=1272  
FromELF: creating hex file...
".\gpio.axf" - 0 Errors, 0 Warning(s).
