<html>
<body>
<pre>
<h1>µVision Build Log</h1>
<h2>Project:</h2>
D:\smieci_z_pulpitu\smieci\ppswww\UART\UART_2\gpio.uvproj
Project File Date:  02/29/2024

<h2>Output:</h2>
Rebuild target 'Target 1'
assembling Startup.s...
compiling main.c...
compiling led.c...
compiling keyboard.c...
compiling timer.c...
compiling timer_interrupts.c...
compiling servo.c...
compiling uart.c...
linking...
Program Size: Code=1904 RO-data=32 RW-data=8 ZI-data=1256  
FromELF: creating hex file...
".\gpio.axf" - 0 Errors, 0 Warning(s).
Rebuild target 'Target 1'
assembling Startup.s...
compiling main.c...
compiling led.c...
compiling keyboard.c...
compiling timer.c...
compiling timer_interrupts.c...
compiling uart.c...
linking...
Program Size: Code=1904 RO-data=32 RW-data=8 ZI-data=1256  
FromELF: creating hex file...
".\gpio.axf" - 0 Errors, 0 Warning(s).
